Archive member included because of file (symbol)

c:/program files (x86)/atmel/atmel studio 6.0/extensions/atmel/avrgcc/3.4.1.95/avrtoolchain/bin/../lib/gcc/avr/4.6.2/avr5\libgcc.a(_udivmodqi4.o)
                              RTC.o (__udivmodqi4)
c:/program files (x86)/atmel/atmel studio 6.0/extensions/atmel/avrgcc/3.4.1.95/avrtoolchain/bin/../lib/gcc/avr/4.6.2/avr5\libgcc.a(_exit.o)
                              c:/program files (x86)/atmel/atmel studio 6.0/extensions/atmel/avrgcc/3.4.1.95/avrtoolchain/bin/../lib/gcc/avr/4.6.2/../../../../avr/lib/avr5/crtm32a.o (exit)
c:/program files (x86)/atmel/atmel studio 6.0/extensions/atmel/avrgcc/3.4.1.95/avrtoolchain/bin/../lib/gcc/avr/4.6.2/avr5\libgcc.a(_copy_data.o)
                              DIO_FUNCTION.o (__do_copy_data)
c:/program files (x86)/atmel/atmel studio 6.0/extensions/atmel/avrgcc/3.4.1.95/avrtoolchain/bin/../lib/gcc/avr/4.6.2/avr5\libgcc.a(_clear_bss.o)
                              DIO_FUNCTION.o (__do_clear_bss)

Allocating common symbols
Common symbol       size              file

FIRST_DIGIT         0x1               RTC.o
SECOND_DIGIT        0x1               RTC.o
VAL                 0x1               RTC.o

Memory Configuration

Name             Origin             Length             Attributes
text             0x00000000         0x00020000         xr
data             0x00800060         0x0000ffa0         rw !x
eeprom           0x00810000         0x00010000         rw !x
fuse             0x00820000         0x00000400         rw !x
lock             0x00830000         0x00000400         rw !x
signature        0x00840000         0x00000400         rw !x
*default*        0x00000000         0xffffffff

Linker script and memory map

LOAD c:/program files (x86)/atmel/atmel studio 6.0/extensions/atmel/avrgcc/3.4.1.95/avrtoolchain/bin/../lib/gcc/avr/4.6.2/../../../../avr/lib/avr5/crtm32a.o
LOAD DIO_FUNCTION.o
LOAD KEYPAD_FUNC.o
LOAD LCD_FUNCTION.o
LOAD RTC.o
LOAD SEVEN_SEGMENT_FUNC.o
LOAD TIMER2_FUNC.o
START GROUP
LOAD c:/program files (x86)/atmel/atmel studio 6.0/extensions/atmel/avrgcc/3.4.1.95/avrtoolchain/bin/../lib/gcc/avr/4.6.2/../../../../avr/lib/avr5\libm.a
END GROUP
LOAD c:/program files (x86)/atmel/atmel studio 6.0/extensions/atmel/avrgcc/3.4.1.95/avrtoolchain/bin/../lib/gcc/avr/4.6.2/avr5\libgcc.a
LOAD c:/program files (x86)/atmel/atmel studio 6.0/extensions/atmel/avrgcc/3.4.1.95/avrtoolchain/bin/../lib/gcc/avr/4.6.2/../../../../avr/lib/avr5\libc.a
LOAD c:/program files (x86)/atmel/atmel studio 6.0/extensions/atmel/avrgcc/3.4.1.95/avrtoolchain/bin/../lib/gcc/avr/4.6.2/avr5\libgcc.a

.hash
 *(.hash)

.dynsym
 *(.dynsym)

.dynstr
 *(.dynstr)

.gnu.version
 *(.gnu.version)

.gnu.version_d
 *(.gnu.version_d)

.gnu.version_r
 *(.gnu.version_r)

.rel.init
 *(.rel.init)

.rela.init
 *(.rela.init)

.rel.text
 *(.rel.text)
 *(.rel.text.*)
 *(.rel.gnu.linkonce.t*)

.rela.text
 *(.rela.text)
 *(.rela.text.*)
 *(.rela.gnu.linkonce.t*)

.rel.fini
 *(.rel.fini)

.rela.fini
 *(.rela.fini)

.rel.rodata
 *(.rel.rodata)
 *(.rel.rodata.*)
 *(.rel.gnu.linkonce.r*)

.rela.rodata
 *(.rela.rodata)
 *(.rela.rodata.*)
 *(.rela.gnu.linkonce.r*)

.rel.data
 *(.rel.data)
 *(.rel.data.*)
 *(.rel.gnu.linkonce.d*)

.rela.data
 *(.rela.data)
 *(.rela.data.*)
 *(.rela.gnu.linkonce.d*)

.rel.ctors
 *(.rel.ctors)

.rela.ctors
 *(.rela.ctors)

.rel.dtors
 *(.rel.dtors)

.rela.dtors
 *(.rela.dtors)

.rel.got
 *(.rel.got)

.rela.got
 *(.rela.got)

.rel.bss
 *(.rel.bss)

.rela.bss
 *(.rela.bss)

.rel.plt
 *(.rel.plt)

.rela.plt
 *(.rela.plt)

.text           0x00000000     0x1490
 *(.vectors)
 .vectors       0x00000000       0x54 c:/program files (x86)/atmel/atmel studio 6.0/extensions/atmel/avrgcc/3.4.1.95/avrtoolchain/bin/../lib/gcc/avr/4.6.2/../../../../avr/lib/avr5/crtm32a.o
                0x00000000                __vector_default
                0x00000000                __vectors
 *(.vectors)
 *(.progmem.gcc*)
 *(.progmem*)
                0x00000054                . = ALIGN (0x2)
                0x00000054                __trampolines_start = .
 *(.trampolines)
 .trampolines   0x00000054        0x0 linker stubs
 *(.trampolines*)
                0x00000054                __trampolines_end = .
 *(.jumptables)
 *(.jumptables*)
 *(.lowtext)
 *(.lowtext*)
                0x00000054                __ctors_start = .
 *(.ctors)
                0x00000054                __ctors_end = .
                0x00000054                __dtors_start = .
 *(.dtors)
                0x00000054                __dtors_end = .
 SORT(*)(.ctors)
 SORT(*)(.dtors)
 *(.init0)
 .init0         0x00000054        0x0 c:/program files (x86)/atmel/atmel studio 6.0/extensions/atmel/avrgcc/3.4.1.95/avrtoolchain/bin/../lib/gcc/avr/4.6.2/../../../../avr/lib/avr5/crtm32a.o
                0x00000054                __init
 *(.init0)
 *(.init1)
 *(.init1)
 *(.init2)
 .init2         0x00000054        0xc c:/program files (x86)/atmel/atmel studio 6.0/extensions/atmel/avrgcc/3.4.1.95/avrtoolchain/bin/../lib/gcc/avr/4.6.2/../../../../avr/lib/avr5/crtm32a.o
 *(.init2)
 *(.init3)
 *(.init3)
 *(.init4)
 .init4         0x00000060       0x16 c:/program files (x86)/atmel/atmel studio 6.0/extensions/atmel/avrgcc/3.4.1.95/avrtoolchain/bin/../lib/gcc/avr/4.6.2/avr5\libgcc.a(_copy_data.o)
                0x00000060                __do_copy_data
 .init4         0x00000076       0x10 c:/program files (x86)/atmel/atmel studio 6.0/extensions/atmel/avrgcc/3.4.1.95/avrtoolchain/bin/../lib/gcc/avr/4.6.2/avr5\libgcc.a(_clear_bss.o)
                0x00000076                __do_clear_bss
 *(.init4)
 *(.init5)
 *(.init5)
 *(.init6)
 *(.init6)
 *(.init7)
 *(.init7)
 *(.init8)
 *(.init8)
 *(.init9)
 .init9         0x00000086        0x8 c:/program files (x86)/atmel/atmel studio 6.0/extensions/atmel/avrgcc/3.4.1.95/avrtoolchain/bin/../lib/gcc/avr/4.6.2/../../../../avr/lib/avr5/crtm32a.o
 *(.init9)
 *(.text)
 .text          0x0000008e        0x4 c:/program files (x86)/atmel/atmel studio 6.0/extensions/atmel/avrgcc/3.4.1.95/avrtoolchain/bin/../lib/gcc/avr/4.6.2/../../../../avr/lib/avr5/crtm32a.o
                0x0000008e                __vector_1
                0x0000008e                __vector_12
                0x0000008e                __bad_interrupt
                0x0000008e                __vector_6
                0x0000008e                __vector_3
                0x0000008e                __vector_11
                0x0000008e                __vector_13
                0x0000008e                __vector_17
                0x0000008e                __vector_19
                0x0000008e                __vector_7
                0x0000008e                __vector_4
                0x0000008e                __vector_9
                0x0000008e                __vector_2
                0x0000008e                __vector_15
                0x0000008e                __vector_8
                0x0000008e                __vector_14
                0x0000008e                __vector_10
                0x0000008e                __vector_16
                0x0000008e                __vector_18
                0x0000008e                __vector_20
 .text          0x00000092      0x55e DIO_FUNCTION.o
                0x00000092                DIO_SET_PIN_DIRECTION
                0x000001ba                DIO_PORT_PIN_WRITE
                0x000002e2                DIO_TOGGLE_PORT_PIN
                0x00000382                DIO_PIN_READ
                0x0000040e                DIO_SET_PORT_DIRECTION
                0x0000044c                DIO_PORT_WRITE
                0x0000048a                DIO_READ_PORT
                0x000004ca                DIO_TOGGLE_PORT
                0x00000518                DIO_WRITE_ON_HIGH_NIPPLE
                0x00000582                DIO_WRITE_ON_LOW_NIPPLE
                0x000005ea                DIO_CONNECT_PULL_UP
 .text          0x000005f0      0x108 KEYPAD_FUNC.o
                0x000005f0                BUTTON_READ_STATE
                0x000005f6                KEYPAD_INIT
                0x00000628                KEYPAD_READ
                0x000006ea                KEYPAD_PRESSED_NUM
 .text          0x000006f8      0x26c LCD_FUNCTION.o
                0x00000746                LCD_SEND_CMD_FOUR_BIT
                0x000007aa                LCD_4_BIT_INIT
                0x000008a6                LCD_SEND_DATA_FOUR_BIT
                0x0000090a                LCD_WRITE_STRING_4_BIT
                0x0000092a                MOVE_CURSOR_4_BIT
 .text          0x00000964      0x418 RTC.o
                0x00000964                main
                0x00000d5a                __vector_5
 .text          0x00000d7c      0x458 SEVEN_SEGMENT_FUNC.o
                0x00000d7c                SEVEN_SEG_INIT
                0x00000d84                SEVEN_SEG_ON
                0x00000d8e                SEVEN_SEG_OFF
                0x00000d98                SEVEN_SEG_BLINK
                0x00000dca                SEVEN_SEG_STATE
                0x00000dd2                SEVEN_SEG_VALUE
                0x00000e66                SWITCH_STATE
                0x00000e6e                SEVEN_SEG_HIGH_NIPPLE_INIT
                0x00000ec0                SEVEN_SEG_LOW_NIPPLE_INIT
                0x00000f12                SEVEN_SEG_WRITE_NIPPLE
                0x00001012                NIPPLE_SEVEN_SEG_ON
                0x00001030                NIPPLE_SEVEN_SEG_OFF
                0x0000108c                NIPPLE_SEVEN_SEG_BLINK
                0x00001150                NIPPLE_SEVEN_SEG_STATE
 .text          0x000011d4      0x2a0 TIMER2_FUNC.o
                0x000011d4                TIMER2_INIT
                0x000012e4                TIMER2_INTERRUPT
                0x00001304                TIMER2_INTERRUPT_DISABLE
                0x00001318                TIMER2_FLAG_READ
                0x0000133c                TIMER2_OCR2_WRITE
                0x00001340                TIMER2_TCNT2_WRITE
                0x00001344                TIMER2_FOC2_PULSE
                0x0000134c                TIMER2_CTC_OUTPUT_CLOCK
                0x000013a6                TIMER2_FAST_PWM_OUTPUT_CLOCK
                0x00001400                TIMER2_PHC_PWM_OUTPUT_CLOCK
                0x0000145a                TIMER2_CLOCK_MUX_MODE
 .text          0x00001474        0x0 c:/program files (x86)/atmel/atmel studio 6.0/extensions/atmel/avrgcc/3.4.1.95/avrtoolchain/bin/../lib/gcc/avr/4.6.2/avr5\libgcc.a(_udivmodqi4.o)
 .text          0x00001474        0x0 c:/program files (x86)/atmel/atmel studio 6.0/extensions/atmel/avrgcc/3.4.1.95/avrtoolchain/bin/../lib/gcc/avr/4.6.2/avr5\libgcc.a(_exit.o)
 .text          0x00001474        0x0 c:/program files (x86)/atmel/atmel studio 6.0/extensions/atmel/avrgcc/3.4.1.95/avrtoolchain/bin/../lib/gcc/avr/4.6.2/avr5\libgcc.a(_copy_data.o)
 .text          0x00001474        0x0 c:/program files (x86)/atmel/atmel studio 6.0/extensions/atmel/avrgcc/3.4.1.95/avrtoolchain/bin/../lib/gcc/avr/4.6.2/avr5\libgcc.a(_clear_bss.o)
                0x00001474                . = ALIGN (0x2)
 *(.text.*)
 .text.libgcc   0x00001474       0x18 c:/program files (x86)/atmel/atmel studio 6.0/extensions/atmel/avrgcc/3.4.1.95/avrtoolchain/bin/../lib/gcc/avr/4.6.2/avr5\libgcc.a(_udivmodqi4.o)
                0x00001474                __udivmodqi4
 .text.libgcc   0x0000148c        0x0 c:/program files (x86)/atmel/atmel studio 6.0/extensions/atmel/avrgcc/3.4.1.95/avrtoolchain/bin/../lib/gcc/avr/4.6.2/avr5\libgcc.a(_exit.o)
 .text.libgcc   0x0000148c        0x0 c:/program files (x86)/atmel/atmel studio 6.0/extensions/atmel/avrgcc/3.4.1.95/avrtoolchain/bin/../lib/gcc/avr/4.6.2/avr5\libgcc.a(_copy_data.o)
 .text.libgcc   0x0000148c        0x0 c:/program files (x86)/atmel/atmel studio 6.0/extensions/atmel/avrgcc/3.4.1.95/avrtoolchain/bin/../lib/gcc/avr/4.6.2/avr5\libgcc.a(_clear_bss.o)
                0x0000148c                . = ALIGN (0x2)
 *(.fini9)
 .fini9         0x0000148c        0x0 c:/program files (x86)/atmel/atmel studio 6.0/extensions/atmel/avrgcc/3.4.1.95/avrtoolchain/bin/../lib/gcc/avr/4.6.2/avr5\libgcc.a(_exit.o)
                0x0000148c                _exit
                0x0000148c                exit
 *(.fini9)
 *(.fini8)
 *(.fini8)
 *(.fini7)
 *(.fini7)
 *(.fini6)
 *(.fini6)
 *(.fini5)
 *(.fini5)
 *(.fini4)
 *(.fini4)
 *(.fini3)
 *(.fini3)
 *(.fini2)
 *(.fini2)
 *(.fini1)
 *(.fini1)
 *(.fini0)
 .fini0         0x0000148c        0x4 c:/program files (x86)/atmel/atmel studio 6.0/extensions/atmel/avrgcc/3.4.1.95/avrtoolchain/bin/../lib/gcc/avr/4.6.2/avr5\libgcc.a(_exit.o)
 *(.fini0)
                0x00001490                _etext = .

.data           0x00800060       0x46 load address 0x00001490
                0x00800060                PROVIDE (__data_start, .)
 *(.data)
 .data          0x00800060        0x0 c:/program files (x86)/atmel/atmel studio 6.0/extensions/atmel/avrgcc/3.4.1.95/avrtoolchain/bin/../lib/gcc/avr/4.6.2/../../../../avr/lib/avr5/crtm32a.o
 .data          0x00800060        0x0 DIO_FUNCTION.o
 .data          0x00800060       0x10 KEYPAD_FUNC.o
 .data          0x00800070        0x0 LCD_FUNCTION.o
 .data          0x00800070       0x2c RTC.o
 .data          0x0080009c        0xa SEVEN_SEGMENT_FUNC.o
 .data          0x008000a6        0x0 TIMER2_FUNC.o
 .data          0x008000a6        0x0 c:/program files (x86)/atmel/atmel studio 6.0/extensions/atmel/avrgcc/3.4.1.95/avrtoolchain/bin/../lib/gcc/avr/4.6.2/avr5\libgcc.a(_udivmodqi4.o)
 .data          0x008000a6        0x0 c:/program files (x86)/atmel/atmel studio 6.0/extensions/atmel/avrgcc/3.4.1.95/avrtoolchain/bin/../lib/gcc/avr/4.6.2/avr5\libgcc.a(_exit.o)
 .data          0x008000a6        0x0 c:/program files (x86)/atmel/atmel studio 6.0/extensions/atmel/avrgcc/3.4.1.95/avrtoolchain/bin/../lib/gcc/avr/4.6.2/avr5\libgcc.a(_copy_data.o)
 .data          0x008000a6        0x0 c:/program files (x86)/atmel/atmel studio 6.0/extensions/atmel/avrgcc/3.4.1.95/avrtoolchain/bin/../lib/gcc/avr/4.6.2/avr5\libgcc.a(_clear_bss.o)
 *(.data*)
 *(.rodata)
 *(.rodata*)
 *(.gnu.linkonce.d*)
                0x008000a6                . = ALIGN (0x2)
                0x008000a6                _edata = .
                0x008000a6                PROVIDE (__data_end, .)

.bss            0x008000a6        0x6
                0x008000a6                PROVIDE (__bss_start, .)
 *(.bss)
 .bss           0x008000a6        0x0 c:/program files (x86)/atmel/atmel studio 6.0/extensions/atmel/avrgcc/3.4.1.95/avrtoolchain/bin/../lib/gcc/avr/4.6.2/../../../../avr/lib/avr5/crtm32a.o
 .bss           0x008000a6        0x0 DIO_FUNCTION.o
 .bss           0x008000a6        0x0 KEYPAD_FUNC.o
 .bss           0x008000a6        0x0 LCD_FUNCTION.o
 .bss           0x008000a6        0x3 RTC.o
                0x008000a6                HOUR_COUNTER
                0x008000a7                MINUTE_COUNTER
                0x008000a8                SECOND_COUNTER
 .bss           0x008000a9        0x0 SEVEN_SEGMENT_FUNC.o
 .bss           0x008000a9        0x0 TIMER2_FUNC.o
 .bss           0x008000a9        0x0 c:/program files (x86)/atmel/atmel studio 6.0/extensions/atmel/avrgcc/3.4.1.95/avrtoolchain/bin/../lib/gcc/avr/4.6.2/avr5\libgcc.a(_udivmodqi4.o)
 .bss           0x008000a9        0x0 c:/program files (x86)/atmel/atmel studio 6.0/extensions/atmel/avrgcc/3.4.1.95/avrtoolchain/bin/../lib/gcc/avr/4.6.2/avr5\libgcc.a(_exit.o)
 .bss           0x008000a9        0x0 c:/program files (x86)/atmel/atmel studio 6.0/extensions/atmel/avrgcc/3.4.1.95/avrtoolchain/bin/../lib/gcc/avr/4.6.2/avr5\libgcc.a(_copy_data.o)
 .bss           0x008000a9        0x0 c:/program files (x86)/atmel/atmel studio 6.0/extensions/atmel/avrgcc/3.4.1.95/avrtoolchain/bin/../lib/gcc/avr/4.6.2/avr5\libgcc.a(_clear_bss.o)
 *(.bss*)
 *(COMMON)
 COMMON         0x008000a9        0x3 RTC.o
                0x008000a9                FIRST_DIGIT
                0x008000aa                SECOND_DIGIT
                0x008000ab                VAL
                0x008000ac                PROVIDE (__bss_end, .)
                0x00001490                __data_load_start = LOADADDR (.data)
                0x000014d6                __data_load_end = (__data_load_start + SIZEOF (.data))

.noinit         0x008000ac        0x0
                0x008000ac                PROVIDE (__noinit_start, .)
 *(.noinit*)
                0x008000ac                PROVIDE (__noinit_end, .)
                0x008000ac                _end = .
                0x008000ac                PROVIDE (__heap_start, .)

.eeprom         0x00810000        0x0
 *(.eeprom*)
                0x00810000                __eeprom_end = .

.fuse
 *(.fuse)
 *(.lfuse)
 *(.hfuse)
 *(.efuse)

.lock
 *(.lock*)

.signature
 *(.signature*)

.stab           0x00000000      0x6cc
 *(.stab)
 .stab          0x00000000      0x6cc c:/program files (x86)/atmel/atmel studio 6.0/extensions/atmel/avrgcc/3.4.1.95/avrtoolchain/bin/../lib/gcc/avr/4.6.2/../../../../avr/lib/avr5/crtm32a.o

.stabstr        0x00000000       0x85
 *(.stabstr)
 .stabstr       0x00000000       0x85 c:/program files (x86)/atmel/atmel studio 6.0/extensions/atmel/avrgcc/3.4.1.95/avrtoolchain/bin/../lib/gcc/avr/4.6.2/../../../../avr/lib/avr5/crtm32a.o

.stab.excl
 *(.stab.excl)

.stab.exclstr
 *(.stab.exclstr)

.stab.index
 *(.stab.index)

.stab.indexstr
 *(.stab.indexstr)

.comment
 *(.comment)

.debug
 *(.debug)

.line
 *(.line)

.debug_srcinfo
 *(.debug_srcinfo)

.debug_sfnames
 *(.debug_sfnames)

.debug_aranges  0x00000000      0x140
 *(.debug_aranges)
 .debug_aranges
                0x00000000       0x20 DIO_FUNCTION.o
 .debug_aranges
                0x00000020       0x20 KEYPAD_FUNC.o
 .debug_aranges
                0x00000040       0x20 LCD_FUNCTION.o
 .debug_aranges
                0x00000060       0x20 RTC.o
 .debug_aranges
                0x00000080       0x20 SEVEN_SEGMENT_FUNC.o
 .debug_aranges
                0x000000a0       0x20 TIMER2_FUNC.o
 .debug_aranges
                0x000000c0       0x20 c:/program files (x86)/atmel/atmel studio 6.0/extensions/atmel/avrgcc/3.4.1.95/avrtoolchain/bin/../lib/gcc/avr/4.6.2/avr5\libgcc.a(_udivmodqi4.o)
 .debug_aranges
                0x000000e0       0x20 c:/program files (x86)/atmel/atmel studio 6.0/extensions/atmel/avrgcc/3.4.1.95/avrtoolchain/bin/../lib/gcc/avr/4.6.2/avr5\libgcc.a(_exit.o)
 .debug_aranges
                0x00000100       0x20 c:/program files (x86)/atmel/atmel studio 6.0/extensions/atmel/avrgcc/3.4.1.95/avrtoolchain/bin/../lib/gcc/avr/4.6.2/avr5\libgcc.a(_copy_data.o)
 .debug_aranges
                0x00000120       0x20 c:/program files (x86)/atmel/atmel studio 6.0/extensions/atmel/avrgcc/3.4.1.95/avrtoolchain/bin/../lib/gcc/avr/4.6.2/avr5\libgcc.a(_clear_bss.o)

.debug_pubnames
 *(.debug_pubnames)

.debug_info     0x00000000     0x18a9
 *(.debug_info)
 .debug_info    0x00000000      0x31c DIO_FUNCTION.o
 .debug_info    0x0000031c      0x182 KEYPAD_FUNC.o
 .debug_info    0x0000049e      0x44a LCD_FUNCTION.o
 .debug_info    0x000008e8      0x4c2 RTC.o
 .debug_info    0x00000daa      0x558 SEVEN_SEGMENT_FUNC.o
 .debug_info    0x00001302      0x233 TIMER2_FUNC.o
 .debug_info    0x00001535       0xdd c:/program files (x86)/atmel/atmel studio 6.0/extensions/atmel/avrgcc/3.4.1.95/avrtoolchain/bin/../lib/gcc/avr/4.6.2/avr5\libgcc.a(_udivmodqi4.o)
 .debug_info    0x00001612       0xdd c:/program files (x86)/atmel/atmel studio 6.0/extensions/atmel/avrgcc/3.4.1.95/avrtoolchain/bin/../lib/gcc/avr/4.6.2/avr5\libgcc.a(_exit.o)
 .debug_info    0x000016ef       0xdd c:/program files (x86)/atmel/atmel studio 6.0/extensions/atmel/avrgcc/3.4.1.95/avrtoolchain/bin/../lib/gcc/avr/4.6.2/avr5\libgcc.a(_copy_data.o)
 .debug_info    0x000017cc       0xdd c:/program files (x86)/atmel/atmel studio 6.0/extensions/atmel/avrgcc/3.4.1.95/avrtoolchain/bin/../lib/gcc/avr/4.6.2/avr5\libgcc.a(_clear_bss.o)
 *(.gnu.linkonce.wi.*)

.debug_abbrev   0x00000000      0x7fd
 *(.debug_abbrev)
 .debug_abbrev  0x00000000      0x119 DIO_FUNCTION.o
 .debug_abbrev  0x00000119      0x101 KEYPAD_FUNC.o
 .debug_abbrev  0x0000021a      0x18b LCD_FUNCTION.o
 .debug_abbrev  0x000003a5      0x150 RTC.o
 .debug_abbrev  0x000004f5      0x1df SEVEN_SEGMENT_FUNC.o
 .debug_abbrev  0x000006d4       0xd9 TIMER2_FUNC.o
 .debug_abbrev  0x000007ad       0x14 c:/program files (x86)/atmel/atmel studio 6.0/extensions/atmel/avrgcc/3.4.1.95/avrtoolchain/bin/../lib/gcc/avr/4.6.2/avr5\libgcc.a(_udivmodqi4.o)
 .debug_abbrev  0x000007c1       0x14 c:/program files (x86)/atmel/atmel studio 6.0/extensions/atmel/avrgcc/3.4.1.95/avrtoolchain/bin/../lib/gcc/avr/4.6.2/avr5\libgcc.a(_exit.o)
 .debug_abbrev  0x000007d5       0x14 c:/program files (x86)/atmel/atmel studio 6.0/extensions/atmel/avrgcc/3.4.1.95/avrtoolchain/bin/../lib/gcc/avr/4.6.2/avr5\libgcc.a(_copy_data.o)
 .debug_abbrev  0x000007e9       0x14 c:/program files (x86)/atmel/atmel studio 6.0/extensions/atmel/avrgcc/3.4.1.95/avrtoolchain/bin/../lib/gcc/avr/4.6.2/avr5\libgcc.a(_clear_bss.o)

.debug_line     0x00000000      0xb81
 *(.debug_line)
 .debug_line    0x00000000       0xdf DIO_FUNCTION.o
 .debug_line    0x000000df       0x72 KEYPAD_FUNC.o
 .debug_line    0x00000151      0x235 LCD_FUNCTION.o
 .debug_line    0x00000386      0x292 RTC.o
 .debug_line    0x00000618      0x269 SEVEN_SEGMENT_FUNC.o
 .debug_line    0x00000881       0xc7 TIMER2_FUNC.o
 .debug_line    0x00000948       0x92 c:/program files (x86)/atmel/atmel studio 6.0/extensions/atmel/avrgcc/3.4.1.95/avrtoolchain/bin/../lib/gcc/avr/4.6.2/avr5\libgcc.a(_udivmodqi4.o)
 .debug_line    0x000009da       0x88 c:/program files (x86)/atmel/atmel studio 6.0/extensions/atmel/avrgcc/3.4.1.95/avrtoolchain/bin/../lib/gcc/avr/4.6.2/avr5\libgcc.a(_exit.o)
 .debug_line    0x00000a62       0x91 c:/program files (x86)/atmel/atmel studio 6.0/extensions/atmel/avrgcc/3.4.1.95/avrtoolchain/bin/../lib/gcc/avr/4.6.2/avr5\libgcc.a(_copy_data.o)
 .debug_line    0x00000af3       0x8e c:/program files (x86)/atmel/atmel studio 6.0/extensions/atmel/avrgcc/3.4.1.95/avrtoolchain/bin/../lib/gcc/avr/4.6.2/avr5\libgcc.a(_clear_bss.o)

.debug_frame    0x00000000      0x3f4
 *(.debug_frame)
 .debug_frame   0x00000000       0xc4 DIO_FUNCTION.o
 .debug_frame   0x000000c4       0x74 KEYPAD_FUNC.o
 .debug_frame   0x00000138       0x98 LCD_FUNCTION.o
 .debug_frame   0x000001d0       0x44 RTC.o
 .debug_frame   0x00000214      0x104 SEVEN_SEGMENT_FUNC.o
 .debug_frame   0x00000318       0xdc TIMER2_FUNC.o

.debug_str      0x00000000      0x540
 *(.debug_str)
 .debug_str     0x00000000      0x198 DIO_FUNCTION.o
                                0x1c6 (size before relaxing)
 .debug_str     0x00000198       0x57 KEYPAD_FUNC.o
                                0x123 (size before relaxing)
 .debug_str     0x000001ef       0xee LCD_FUNCTION.o
                                0x1b6 (size before relaxing)
 .debug_str     0x000002dd       0x5f RTC.o
                                0x175 (size before relaxing)
 .debug_str     0x0000033c      0x102 SEVEN_SEGMENT_FUNC.o
                                0x258 (size before relaxing)
 .debug_str     0x0000043e      0x102 TIMER2_FUNC.o
                                0x1d3 (size before relaxing)

.debug_loc      0x00000000     0x1053
 *(.debug_loc)
 .debug_loc     0x00000000      0x4fc DIO_FUNCTION.o
 .debug_loc     0x000004fc      0x139 KEYPAD_FUNC.o
 .debug_loc     0x00000635      0x1e0 LCD_FUNCTION.o
 .debug_loc     0x00000815      0x1ec RTC.o
 .debug_loc     0x00000a01      0x4f1 SEVEN_SEGMENT_FUNC.o
 .debug_loc     0x00000ef2      0x161 TIMER2_FUNC.o

.debug_macinfo
 *(.debug_macinfo)
OUTPUT(RTC.elf elf32-avr)
LOAD linker stubs
